%!Adobe-FontList 1.19
%Locale:0x409

%BeginFont
Handler:DirectoryHandler
FontType:Invalid
OutlineFileName:C:\Users\Acer Aspire 5\Desktop\mediaman\Font\29LTBukra-Bold.woff
FileModTime:1597676851
%EndFont

%BeginFont
Handler:DirectoryHandler
FontType:Invalid
OutlineFileName:C:\Users\Acer Aspire 5\Desktop\mediaman\Font\29LTBukra-Bold.woff2
FileModTime:1597676852
%EndFont

%BeginFont
Handler:DirectoryHandler
FontType:Invalid
OutlineFileName:C:\Users\Acer Aspire 5\Desktop\mediaman\Font\29LTBukra-BoldItalic.woff
FileModTime:1597676852
%EndFont

%BeginFont
Handler:DirectoryHandler
FontType:Invalid
OutlineFileName:C:\Users\Acer Aspire 5\Desktop\mediaman\Font\29LTBukra-BoldItalic.woff2
FileModTime:1597676852
%EndFont

%BeginFont
Handler:DirectoryHandler
FontType:Invalid
OutlineFileName:C:\Users\Acer Aspire 5\Desktop\mediaman\Font\29LTBukra-Light.woff
FileModTime:1597676852
%EndFont

%BeginFont
Handler:DirectoryHandler
FontType:Invalid
OutlineFileName:C:\Users\Acer Aspire 5\Desktop\mediaman\Font\29LTBukra-Light.woff2
FileModTime:1597676852
%EndFont

%BeginFont
Handler:DirectoryHandler
FontType:Invalid
OutlineFileName:C:\Users\Acer Aspire 5\Desktop\mediaman\Font\29LTBukra-Regular.woff
FileModTime:1597676852
%EndFont

%BeginFont
Handler:DirectoryHandler
FontType:Invalid
OutlineFileName:C:\Users\Acer Aspire 5\Desktop\mediaman\Font\29LTBukra-Regular.woff2
FileModTime:1597676852
%EndFont

